


[peter@localhost ~]$ ansible --version
ansible [core 2.15.13]
  config file = None
  configured module search path = ['/home/peter/.ansible/plugins/modules', '/usr/share/ansible/plugins/modules']
  ansible python module location = /home/peter/.local/lib/python3.9/site-packages/ansible
  ansible collection location = /home/peter/.ansible/collections:/usr/share/ansible/collections
  executable location = /home/peter/.local/bin/ansible
  python version = 3.9.21 (main, Dec  5 2024, 00:00:00) [GCC 11.5.0 20240719 (Red Hat 11.5.0-2)] (/usr/bin/python3)
  jinja version = 3.1.4
  libyaml = True
[peter@localhost ~]$ ansible-navigator
bash: ansible-navigator: command not found...
[peter@localhost ~]$ sudo dnf install -y ansible-navigator | tail -4
Errors during downloading metadata for repository 'rhel-9-for-x86_64-appstream-rpms':
  - Curl error (28): Timeout was reached for https://cdn.redhat.com/content/dist/rhel9/9/x86_64/appstream/os/repodata/repomd.xml [Resolving timed out after 30000 milliseconds]
Error: Failed to download metadata for repo 'rhel-9-for-x86_64-appstream-rpms': Cannot download repomd.xml: Cannot download repodata/repomd.xml: All mirrors were tried

This system is registered with an entitlement server, but is not receiving updates. You can use subscription-manager to assign subscriptions.

Red Hat Enterprise Linux 9 for x86_64 - AppStre 0.0  B/s |   0  B     02:40
[peter@localhost ~]$


[peter@localhost ~]$ sudo subscription-manager attach --auto
[sudo] password for peter:
All installed products are covered by valid entitlements. No need to update subscriptions at this time.
Installed Product Current Status:
Product Name: Red Hat Enterprise Linux for x86_64
Status:       Not Subscribed

Unable to find available subscriptions for all your installed products.
[peter@localhost ~]$



[peter@localhost ~]$ sudo rhc connect
[sudo] password for peter:
Connecting localhost.localdomain to Red Hat.
This might take a few seconds.

● This system is already connected to Red Hat Subscription Management
/ Connecting to Red Hat Insights...^Z
[1]+  Stopped                 sudo rhc connect
[peter@localhost ~]$ sudo rhc connect -u peterschofield@live.com -p Gromit123!rhel
-bash: !rhel: event not found
[peter@localhost ~]$ sudo rhc connect
Connecting localhost.localdomain to Red Hat.
This might take a few seconds.

● This system is already connected to Red Hat Subscription Management
! Cannot connect to Red Hat Insights
● Activated the Remote Host Configuration daemon

Manage your connected systems: https://red.ht/connector

The following errors were encountered during connect:

TYPE   STEP      ERROR
ERROR  insights  cannot connect to Red Hat Insights: exit status 1
[peter@localhost ~]$


